2026-05-19T17:14:15.310Z
Error: Access denied for user 'root'@'localhost' (using password: YES)
    at c (C:\Users\Luist\AppData\Roaming\npm\node_modules\@dbml\cli\node_modules\@dbml\connector\dist\index.js:3241:47740)
    at Fr (C:\Users\Luist\AppData\Roaming\npm\node_modules\@dbml\cli\node_modules\@dbml\connector\dist\index.js:3241:52036)
    at Xr (C:\Users\Luist\AppData\Roaming\npm\node_modules\@dbml\cli\node_modules\@dbml\connector\dist\index.js:3360:500)
    at Module.Hi (C:\Users\Luist\AppData\Roaming\npm\node_modules\@dbml\cli\node_modules\@dbml\connector\dist\index.js:3739:1082)
    at connectionHandler (C:\Users\Luist\AppData\Roaming\npm\node_modules\@dbml\cli\lib\index.js:1152:55)
    at Module.db2dbml (C:\Users\Luist\AppData\Roaming\npm\node_modules\@dbml\cli\lib\index.js:1347:2)
    at Object.<anonymous> (C:\Users\Luist\AppData\Roaming\npm\node_modules\@dbml\cli\bin\db2dbml.js:3:19)
    at Module._compile (node:internal/modules/cjs/loader:1730:14)
    at Object..js (node:internal/modules/cjs/loader:1895:10)
    at Module.load (node:internal/modules/cjs/loader:1465:32)

2026-05-19T17:17:31.692Z
Error: ENOENT: no such file or directory, open 'C:\Users\Luist\Desktop\schema.dbml'
    at Object.writeFileSync (node:fs:2426:20)
    at OutputFilePlugin.start (C:\Users\Luist\AppData\Roaming\npm\node_modules\@dbml\cli\lib\index.js:140:14)
    at OutputFilePlugin.write (C:\Users\Luist\AppData\Roaming\npm\node_modules\@dbml\cli\lib\index.js:146:27)
    at connectionHandler (C:\Users\Luist\AppData\Roaming\npm\node_modules\@dbml\cli\lib\index.js:1158:61)

2026-05-19T17:17:59.885Z
Error: ENOENT: no such file or directory, open 'C:\Users\Luist\Desktop\schema.dbml'
    at Object.writeFileSync (node:fs:2426:20)
    at OutputFilePlugin.start (C:\Users\Luist\AppData\Roaming\npm\node_modules\@dbml\cli\lib\index.js:140:14)
    at OutputFilePlugin.write (C:\Users\Luist\AppData\Roaming\npm\node_modules\@dbml\cli\lib\index.js:146:27)
    at connectionHandler (C:\Users\Luist\AppData\Roaming\npm\node_modules\@dbml\cli\lib\index.js:1158:61)

